[{"stream_name":"stderr","time":5.451459861,"data":"/usr/local/lib/python3.13/dist-packages/nbformat/validator.py:434: MissingIDFieldWarning: Cell is missing an id field, this will become a hard error in future nbformat versions. You may want to use `normalize()` on your notebooks before validations (available since nbformat 5.1.4). Previous versions of nbformat are fixing this issue transparently, and will stop doing so in the future.\n"}
,{"stream_name":"stderr","time":5.451519285,"data":"  _validate(nbdict, ref, version, version_minor, relax_add_props)\n"}
,{"stream_name":"stderr","time":6.283312634,"data":"0.00s - Debugger warning: It seems that frozen modules are being used, which may\n"}
,{"stream_name":"stderr","time":6.283364439,"data":"0.00s - make the debugger miss breakpoints. Please pass -Xfrozen_modules=off\n"}
,{"stream_name":"stderr","time":6.283370341,"data":"0.00s - to python to disable frozen modules.\n"}
,{"stream_name":"stderr","time":6.283374691,"data":"0.00s - Note: Debugging will proceed. Set PYDEVD_DISABLE_FILE_VALIDATION=1 to disable this validation.\n"}
,{"stream_name":"stderr","time":6.854267414,"data":"0.00s - Debugger warning: It seems that frozen modules are being used, which may\n"}
,{"stream_name":"stderr","time":6.854287046,"data":"0.00s - make the debugger miss breakpoints. Please pass -Xfrozen_modules=off\n"}
,{"stream_name":"stderr","time":6.854298007,"data":"0.00s - to python to disable frozen modules.\n"}
,{"stream_name":"stderr","time":6.854315438,"data":"0.00s - Note: Debugging will proceed. Set PYDEVD_DISABLE_FILE_VALIDATION=1 to disable this validation.\n"}
,{"stream_name":"stdout","time":15.809804141,"data":"[00:00] GPUs: 2 x Tesla T4 | DEBUG=False\n"}
,{"stream_name":"stdout","time":15.84366967,"data":"[00:00] GPU 0: starting modernbert_base\n"}
,{"stream_name":"stdout","time":15.843686333,"data":"[00:00] GPU 1: starting modernbert_large\n"}
,{"stream_name":"stdout","time":40.002074066,"data":"[00:24] modernbert_base | loading answerdotai/ModernBERT-base (lr=5e-05, epochs=3, train=53531)\n"}
,{"stream_name":"stdout","time":40.002140211,"data":"[00:24] modernbert_large | loading answerdotai/ModernBERT-large (lr=2e-05, epochs=3, train=53531)\n"}
,{"stream_name":"stdout","time":86.219224346,"data":"[01:10] modernbert_base | epoch 1/3 step 100/5019 loss 2.0436 | 4.1 it/s | ETA 20.2 min\n"}
,{"stream_name":"stdout","time":110.141254299,"data":"[01:34] modernbert_base | epoch 1/3 step 200/5019 loss 1.1667 | 4.1 it/s | ETA 19.5 min\n"}
,{"stream_name":"stdout","time":119.432233147,"data":"[01:43] modernbert_large | epoch 1/3 step 100/5019 loss 2.1531 | 1.7 it/s | ETA 47.4 min\n"}
,{"stream_name":"stdout","time":134.433199396,"data":"[01:58] modernbert_base | epoch 1/3 step 300/5019 loss 0.8938 | 4.1 it/s | ETA 19.1 min\n"}
,{"stream_name":"stdout","time":159.243583991,"data":"[02:23] modernbert_base | epoch 1/3 step 400/5019 loss 0.7941 | 4.1 it/s | ETA 18.8 min\n"}
,{"stream_name":"stdout","time":176.242722139,"data":"[02:40] modernbert_large | epoch 1/3 step 200/5019 loss 1.2580 | 1.7 it/s | ETA 46.0 min\n"}
,{"stream_name":"stdout","time":183.727091998,"data":"[02:48] modernbert_base | epoch 1/3 step 500/5019 loss 0.7645 | 4.1 it/s | ETA 18.4 min\n"}
,{"stream_name":"stdout","time":207.97971521,"data":"[03:12] modernbert_base | epoch 1/3 step 600/5019 loss 0.7550 | 4.1 it/s | ETA 18.0 min\n"}
,{"stream_name":"stdout","time":232.225441302,"data":"[03:36] modernbert_base | epoch 1/3 step 700/5019 loss 0.7072 | 4.1 it/s | ETA 17.5 min\n"}
,{"stream_name":"stdout","time":234.407514583,"data":"[03:38] modernbert_large | epoch 1/3 step 300/5019 loss 0.8629 | 1.7 it/s | ETA 45.3 min\n"}
,{"stream_name":"stdout","time":256.682348056,"data":"[04:01] modernbert_base | epoch 1/3 step 800/5019 loss 0.6877 | 4.1 it/s | ETA 17.1 min\n"}
,{"stream_name":"stdout","time":280.764073794,"data":"[04:25] modernbert_base | epoch 1/3 step 900/5019 loss 0.7254 | 4.1 it/s | ETA 16.7 min\n"}
,{"stream_name":"stdout","time":292.696502912,"data":"[04:37] modernbert_large | epoch 1/3 step 400/5019 loss 0.7799 | 1.7 it/s | ETA 44.5 min\n"}
,{"stream_name":"stdout","time":305.053317513,"data":"[04:49] modernbert_base | epoch 1/3 step 1000/5019 loss 0.7269 | 4.1 it/s | ETA 16.3 min\n"}
,{"stream_name":"stdout","time":329.098840804,"data":"[05:13] modernbert_base | epoch 1/3 step 1100/5019 loss 0.6767 | 4.1 it/s | ETA 15.9 min\n"}
,{"stream_name":"stdout","time":349.944945931,"data":"[05:34] modernbert_large | epoch 1/3 step 500/5019 loss 0.7382 | 1.7 it/s | ETA 43.4 min\n"}
,{"stream_name":"stdout","time":353.422016121,"data":"[05:37] modernbert_base | epoch 1/3 step 1200/5019 loss 0.6466 | 4.1 it/s | ETA 15.5 min\n"}
,{"stream_name":"stdout","time":378.20414143,"data":"[06:02] modernbert_base | epoch 1/3 step 1300/5019 loss 0.6746 | 4.1 it/s | ETA 15.1 min\n"}
,{"stream_name":"stdout","time":402.587672385,"data":"[06:27] modernbert_base | epoch 1/3 step 1400/5019 loss 0.6792 | 4.1 it/s | ETA 14.7 min\n"}
,{"stream_name":"stdout","time":407.628910492,"data":"[06:32] modernbert_large | epoch 1/3 step 600/5019 loss 0.7107 | 1.7 it/s | ETA 42.5 min\n"}
,{"stream_name":"stdout","time":426.988871413,"data":"[06:51] modernbert_base | epoch 1/3 step 1500/5019 loss 0.6395 | 4.1 it/s | ETA 14.3 min\n"}
,{"stream_name":"stdout","time":451.350638843,"data":"[07:15] modernbert_base | epoch 1/3 step 1600/5019 loss 0.6776 | 4.1 it/s | ETA 13.9 min\n"}
,{"stream_name":"stdout","time":465.334822035,"data":"[07:29] modernbert_large | epoch 1/3 step 700/5019 loss 0.6867 | 1.7 it/s | ETA 41.5 min\n"}
,{"stream_name":"stdout","time":484.273696198,"data":"[07:48] modernbert_base | epoch 1 DEV {'accuracy': 0.764, 'macro_f1': 0.7498, 'weighted_f1': 0.7604}\n"}
,{"stream_name":"stdout","time":491.806640692,"data":"[07:56] modernbert_base | epoch 2/3 step 1700/5019 loss 0.1343 | 4.0 it/s | ETA 14.0 min\n"}
,{"stream_name":"stdout","time":516.097993664,"data":"[08:20] modernbert_base | epoch 2/3 step 1800/5019 loss 0.4773 | 4.0 it/s | ETA 13.5 min\n"}
,{"stream_name":"stdout","time":523.699704015,"data":"[08:28] modernbert_large | epoch 1/3 step 800/5019 loss 0.6909 | 1.7 it/s | ETA 40.6 min\n"}
,{"stream_name":"stdout","time":540.700117432,"data":"[08:45] modernbert_base | epoch 2/3 step 1900/5019 loss 0.4938 | 4.0 it/s | ETA 13.1 min\n"}
,{"stream_name":"stdout","time":565.030660346,"data":"[09:09] modernbert_base | epoch 2/3 step 2000/5019 loss 0.4750 | 4.0 it/s | ETA 12.7 min\n"}
,{"stream_name":"stdout","time":581.272340602,"data":"[09:25] modernbert_large | epoch 1/3 step 900/5019 loss 0.6919 | 1.7 it/s | ETA 39.6 min\n"}
,{"stream_name":"stdout","time":589.367265412,"data":"[09:33] modernbert_base | epoch 2/3 step 2100/5019 loss 0.4783 | 4.0 it/s | ETA 12.2 min\n"}
,{"stream_name":"stdout","time":613.890897845,"data":"[09:58] modernbert_base | epoch 2/3 step 2200/5019 loss 0.4715 | 4.0 it/s | ETA 11.8 min\n"}
,{"stream_name":"stdout","time":638.188985951,"data":"[10:22] modernbert_base | epoch 2/3 step 2300/5019 loss 0.4358 | 4.0 it/s | ETA 11.4 min\n"}
,{"stream_name":"stdout","time":638.269382969,"data":"[10:22] modernbert_large | epoch 1/3 step 1000/5019 loss 0.6586 | 1.7 it/s | ETA 38.6 min\n"}
,{"stream_name":"stdout","time":662.330631384,"data":"[10:46] modernbert_base | epoch 2/3 step 2400/5019 loss 0.4761 | 4.0 it/s | ETA 10.9 min\n"}
,{"stream_name":"stdout","time":686.587215458,"data":"[11:11] modernbert_base | epoch 2/3 step 2500/5019 loss 0.4625 | 4.0 it/s | ETA 10.5 min\n"}
,{"stream_name":"stdout","time":696.279859853,"data":"[11:20] modernbert_large | epoch 1/3 step 1100/5019 loss 0.6798 | 1.7 it/s | ETA 37.7 min\n"}
,{"stream_name":"stdout","time":710.923620044,"data":"[11:35] modernbert_base | epoch 2/3 step 2600/5019 loss 0.4830 | 4.0 it/s | ETA 10.1 min\n"}
,{"stream_name":"stdout","time":734.944498597,"data":"[11:59] modernbert_base | epoch 2/3 step 2700/5019 loss 0.4679 | 4.0 it/s | ETA 9.6 min\n"}
,{"stream_name":"stdout","time":753.997850871,"data":"[12:18] modernbert_large | epoch 1/3 step 1200/5019 loss 0.6025 | 1.7 it/s | ETA 36.7 min\n"}
,{"stream_name":"stdout","time":759.36557114,"data":"[12:23] modernbert_base | epoch 2/3 step 2800/5019 loss 0.4814 | 4.0 it/s | ETA 9.2 min\n"}
,{"stream_name":"stdout","time":783.75987263,"data":"[12:48] modernbert_base | epoch 2/3 step 2900/5019 loss 0.4751 | 4.0 it/s | ETA 8.8 min\n"}
,{"stream_name":"stdout","time":808.107043361,"data":"[13:12] modernbert_base | epoch 2/3 step 3000/5019 loss 0.4559 | 4.0 it/s | ETA 8.4 min\n"}
,{"stream_name":"stdout","time":812.046257887,"data":"[13:16] modernbert_large | epoch 1/3 step 1300/5019 loss 0.6425 | 1.7 it/s | ETA 35.8 min\n"}
,{"stream_name":"stdout","time":832.71295609,"data":"[13:37] modernbert_base | epoch 2/3 step 3100/5019 loss 0.4626 | 4.0 it/s | ETA 8.0 min\n"}
,{"stream_name":"stdout","time":856.628984031,"data":"[14:01] modernbert_base | epoch 2/3 step 3200/5019 loss 0.4534 | 4.0 it/s | ETA 7.5 min\n"}
,{"stream_name":"stdout","time":869.354520303,"data":"[14:13] modernbert_large | epoch 1/3 step 1400/5019 loss 0.6074 | 1.7 it/s | ETA 34.8 min\n"}
,{"stream_name":"stdout","time":881.141554865,"data":"[14:25] modernbert_base | epoch 2/3 step 3300/5019 loss 0.4523 | 4.0 it/s | ETA 7.1 min\n"}
,{"stream_name":"stdout","time":907.570638473,"data":"[14:52] modernbert_base | epoch 2 DEV {'accuracy': 0.7762, 'macro_f1': 0.7522, 'weighted_f1': 0.7737}\n"}
,{"stream_name":"stdout","time":921.799037437,"data":"[15:06] modernbert_base | epoch 3/3 step 3400/5019 loss 0.1306 | 4.0 it/s | ETA 6.8 min\n"}
,{"stream_name":"stdout","time":927.16339559,"data":"[15:11] modernbert_large | epoch 1/3 step 1500/5019 loss 0.6381 | 1.7 it/s | ETA 33.8 min\n"}
,{"stream_name":"stdout","time":946.06107454,"data":"[15:30] modernbert_base | epoch 3/3 step 3500/5019 loss 0.1945 | 4.0 it/s | ETA 6.4 min\n"}
,{"stream_name":"stdout","time":970.443024928,"data":"[15:54] modernbert_base | epoch 3/3 step 3600/5019 loss 0.2113 | 4.0 it/s | ETA 6.0 min\n"}
,{"stream_name":"stdout","time":984.505952915,"data":"[16:08] modernbert_large | epoch 1/3 step 1600/5019 loss 0.6284 | 1.7 it/s | ETA 32.9 min\n"}
,{"stream_name":"stdout","time":994.902333991,"data":"[16:19] modernbert_base | epoch 3/3 step 3700/5019 loss 0.1745 | 4.0 it/s | ETA 5.5 min\n"}
,{"stream_name":"stdout","time":1019.383206111,"data":"[16:43] modernbert_base | epoch 3/3 step 3800/5019 loss 0.2012 | 4.0 it/s | ETA 5.1 min\n"}
,{"stream_name":"stdout","time":1043.665197343,"data":"[17:08] modernbert_base | epoch 3/3 step 3900/5019 loss 0.2008 | 4.0 it/s | ETA 4.7 min\n"}
,{"stream_name":"stdout","time":1062.509981339,"data":"[17:27] modernbert_large | epoch 1 DEV {'accuracy': 0.779, 'macro_f1': 0.7702, 'weighted_f1': 0.779}\n"}
,{"stream_name":"stdout","time":1067.657738655,"data":"[17:32] modernbert_base | epoch 3/3 step 4000/5019 loss 0.1961 | 4.0 it/s | ETA 4.3 min\n"}
,{"stream_name":"stdout","time":1079.599191595,"data":"[17:44] modernbert_large | epoch 2/3 step 1700/5019 loss 0.1291 | 1.7 it/s | ETA 33.1 min\n"}
,{"stream_name":"stdout","time":1092.009609294,"data":"[17:56] modernbert_base | epoch 3/3 step 4100/5019 loss 0.1844 | 4.0 it/s | ETA 3.8 min\n"}
,{"stream_name":"stdout","time":1116.594576702,"data":"[18:21] modernbert_base | epoch 3/3 step 4200/5019 loss 0.1891 | 4.0 it/s | ETA 3.4 min\n"}
,{"stream_name":"stdout","time":1137.486387946,"data":"[18:41] modernbert_large | epoch 2/3 step 1800/5019 loss 0.4794 | 1.7 it/s | ETA 32.1 min\n"}
,{"stream_name":"stdout","time":1140.981619818,"data":"[18:45] modernbert_base | epoch 3/3 step 4300/5019 loss 0.1827 | 4.0 it/s | ETA 3.0 min\n"}
,{"stream_name":"stdout","time":1165.626339791,"data":"[19:10] modernbert_base | epoch 3/3 step 4400/5019 loss 0.2039 | 4.0 it/s | ETA 2.6 min\n"}
,{"stream_name":"stdout","time":1189.956427472,"data":"[19:34] modernbert_base | epoch 3/3 step 4500/5019 loss 0.1858 | 4.0 it/s | ETA 2.2 min\n"}
,{"stream_name":"stdout","time":1194.536639649,"data":"[19:39] modernbert_large | epoch 2/3 step 1900/5019 loss 0.4590 | 1.7 it/s | ETA 31.0 min\n"}
,{"stream_name":"stdout","time":1214.196340278,"data":"[19:58] modernbert_base | epoch 3/3 step 4600/5019 loss 0.1997 | 4.0 it/s | ETA 1.7 min\n"}
,{"stream_name":"stdout","time":1238.466132547,"data":"[20:22] modernbert_base | epoch 3/3 step 4700/5019 loss 0.1912 | 4.0 it/s | ETA 1.3 min\n"}
,{"stream_name":"stdout","time":1252.586989133,"data":"[20:37] modernbert_large | epoch 2/3 step 2000/5019 loss 0.4850 | 1.7 it/s | ETA 30.0 min\n"}
,{"stream_name":"stdout","time":1262.704660823,"data":"[20:47] modernbert_base | epoch 3/3 step 4800/5019 loss 0.1831 | 4.0 it/s | ETA 0.9 min\n"}
,{"stream_name":"stdout","time":1287.020627076,"data":"[21:11] modernbert_base | epoch 3/3 step 4900/5019 loss 0.1923 | 4.0 it/s | ETA 0.5 min\n"}
,{"stream_name":"stdout","time":1309.979225826,"data":"[21:34] modernbert_large | epoch 2/3 step 2100/5019 loss 0.4525 | 1.7 it/s | ETA 28.9 min\n"}
,{"stream_name":"stdout","time":1311.469268686,"data":"[21:35] modernbert_base | epoch 3/3 step 5000/5019 loss 0.1878 | 4.0 it/s | ETA 0.1 min\n"}
,{"stream_name":"stdout","time":1331.411953537,"data":"[21:55] modernbert_base | epoch 3 DEV {'accuracy': 0.7676, 'macro_f1': 0.7519, 'weighted_f1': 0.7673}\n"}
,{"stream_name":"stdout","time":1359.920766505,"data":"[22:24] modernbert_base | TEST {'accuracy': 0.7835, 'macro_f1': 0.7618, 'weighted_f1': 0.7809}\n"}
,{"stream_name":"stdout","time":1360.820855143,"data":"[22:25] modernbert_base | finished\n"}
,{"stream_name":"stdout","time":1364.930764331,"data":"[22:29] GPU 0: starting deberta_v3_base\n"}
,{"stream_name":"stdout","time":1367.53513044,"data":"[22:32] modernbert_large | epoch 2/3 step 2200/5019 loss 0.4607 | 1.7 it/s | ETA 27.9 min\n"}
,{"stream_name":"stdout","time":1375.308197717,"data":"[22:39] deberta_v3_base | loading microsoft/deberta-v3-base (lr=2e-05, epochs=3, train=53531)\n"}
,{"stream_name":"stdout","time":1415.039500165,"data":"[23:19] deberta_v3_base | epoch 1/3 step 100/5019 loss 2.2888 | 4.0 it/s | ETA 20.7 min\n"}
,{"stream_name":"stdout","time":1425.089816908,"data":"[23:29] modernbert_large | epoch 2/3 step 2300/5019 loss 0.4486 | 1.7 it/s | ETA 26.9 min\n"}
,{"stream_name":"stdout","time":1438.401232737,"data":"[23:42] deberta_v3_base | epoch 1/3 step 200/5019 loss 1.7895 | 4.1 it/s | ETA 19.5 min\n"}
,{"stream_name":"stdout","time":1461.539409281,"data":"[24:06] deberta_v3_base | epoch 1/3 step 300/5019 loss 1.2027 | 4.2 it/s | ETA 18.8 min\n"}
,{"stream_name":"stdout","time":1482.636196965,"data":"[24:27] modernbert_large | epoch 2/3 step 2400/5019 loss 0.4667 | 1.7 it/s | ETA 25.8 min\n"}
,{"stream_name":"stdout","time":1484.669323146,"data":"[24:29] deberta_v3_base | epoch 1/3 step 400/5019 loss 0.9810 | 4.2 it/s | ETA 18.3 min\n"}
,{"stream_name":"stdout","time":1508.18862853,"data":"[24:52] deberta_v3_base | epoch 1/3 step 500/5019 loss 0.8975 | 4.2 it/s | ETA 17.8 min\n"}
,{"stream_name":"stdout","time":1531.497443378,"data":"[25:15] deberta_v3_base | epoch 1/3 step 600/5019 loss 0.8234 | 4.2 it/s | ETA 17.4 min\n"}
,{"stream_name":"stdout","time":1541.455806191,"data":"[25:25] modernbert_large | epoch 2/3 step 2500/5019 loss 0.4393 | 1.7 it/s | ETA 24.9 min\n"}
,{"stream_name":"stdout","time":1555.000942204,"data":"[25:39] deberta_v3_base | epoch 1/3 step 700/5019 loss 0.7615 | 4.2 it/s | ETA 17.0 min\n"}
,{"stream_name":"stdout","time":1578.640626791,"data":"[26:03] deberta_v3_base | epoch 1/3 step 800/5019 loss 0.7714 | 4.2 it/s | ETA 16.6 min\n"}
,{"stream_name":"stdout","time":1599.35195821,"data":"[26:23] modernbert_large | epoch 2/3 step 2600/5019 loss 0.4647 | 1.7 it/s | ETA 23.8 min\n"}
,{"stream_name":"stdout","time":1601.960789649,"data":"[26:26] deberta_v3_base | epoch 1/3 step 900/5019 loss 0.7236 | 4.2 it/s | ETA 16.2 min\n"}
,{"stream_name":"stdout","time":1625.74745228,"data":"[26:50] deberta_v3_base | epoch 1/3 step 1000/5019 loss 0.7908 | 4.2 it/s | ETA 15.8 min\n"}
,{"stream_name":"stdout","time":1648.983198959,"data":"[27:13] deberta_v3_base | epoch 1/3 step 1100/5019 loss 0.6990 | 4.2 it/s | ETA 15.4 min\n"}
,{"stream_name":"stdout","time":1656.912758138,"data":"[27:21] modernbert_large | epoch 2/3 step 2700/5019 loss 0.4582 | 1.7 it/s | ETA 22.8 min\n"}
,{"stream_name":"stdout","time":1672.343905552,"data":"[27:36] deberta_v3_base | epoch 1/3 step 1200/5019 loss 0.7171 | 4.2 it/s | ETA 15.0 min\n"}
,{"stream_name":"stdout","time":1695.802952674,"data":"[28:00] deberta_v3_base | epoch 1/3 step 1300/5019 loss 0.6942 | 4.2 it/s | ETA 14.6 min\n"}
,{"stream_name":"stdout","time":1714.883657558,"data":"[28:19] modernbert_large | epoch 2/3 step 2800/5019 loss 0.4344 | 1.7 it/s | ETA 21.8 min\n"}
,{"stream_name":"stdout","time":1719.45442084,"data":"[28:23] deberta_v3_base | epoch 1/3 step 1400/5019 loss 0.6841 | 4.2 it/s | ETA 14.2 min\n"}
,{"stream_name":"stdout","time":1743.225395163,"data":"[28:47] deberta_v3_base | epoch 1/3 step 1500/5019 loss 0.6814 | 4.2 it/s | ETA 13.8 min\n"}
,{"stream_name":"stdout","time":1766.765894242,"data":"[29:11] deberta_v3_base | epoch 1/3 step 1600/5019 loss 0.7266 | 4.2 it/s | ETA 13.4 min\n"}
,{"stream_name":"stdout","time":1772.525195271,"data":"[29:17] modernbert_large | epoch 2/3 step 2900/5019 loss 0.4324 | 1.7 it/s | ETA 20.8 min\n"}
,{"stream_name":"stdout","time":1795.242178876,"data":"[29:39] deberta_v3_base | epoch 1 DEV {'accuracy': 0.7679, 'macro_f1': 0.7431, 'weighted_f1': 0.7591}\n"}
,{"stream_name":"stdout","time":1802.666968858,"data":"[29:47] deberta_v3_base | epoch 2/3 step 1700/5019 loss 0.1853 | 4.1 it/s | ETA 13.4 min\n"}
,{"stream_name":"stdout","time":1825.927010008,"data":"[30:10] deberta_v3_base | epoch 2/3 step 1800/5019 loss 0.6174 | 4.1 it/s | ETA 13.0 min\n"}
,{"stream_name":"stdout","time":1830.216464284,"data":"[30:14] modernbert_large | epoch 2/3 step 3000/5019 loss 0.4688 | 1.7 it/s | ETA 19.8 min\n"}
,{"stream_name":"stdout","time":1849.902458551,"data":"[30:34] deberta_v3_base | epoch 2/3 step 1900/5019 loss 0.6422 | 4.1 it/s | ETA 12.6 min\n"}
,{"stream_name":"stdout","time":1873.809938237,"data":"[30:58] deberta_v3_base | epoch 2/3 step 2000/5019 loss 0.6086 | 4.1 it/s | ETA 12.2 min\n"}
,{"stream_name":"stdout","time":1888.838642563,"data":"[31:13] modernbert_large | epoch 2/3 step 3100/5019 loss 0.4440 | 1.7 it/s | ETA 18.9 min\n"}
,{"stream_name":"stdout","time":1897.368775111,"data":"[31:21] deberta_v3_base | epoch 2/3 step 2100/5019 loss 0.5999 | 4.1 it/s | ETA 11.8 min\n"}
,{"stream_name":"stdout","time":1920.967070648,"data":"[31:45] deberta_v3_base | epoch 2/3 step 2200/5019 loss 0.5976 | 4.1 it/s | ETA 11.3 min\n"}
,{"stream_name":"stdout","time":1944.760470853,"data":"[32:09] deberta_v3_base | epoch 2/3 step 2300/5019 loss 0.5902 | 4.1 it/s | ETA 10.9 min\n"}
,{"stream_name":"stdout","time":1946.231428994,"data":"[32:10] modernbert_large | epoch 2/3 step 3200/5019 loss 0.4570 | 1.7 it/s | ETA 17.9 min\n"}
,{"stream_name":"stdout","time":1968.171114078,"data":"[32:32] deberta_v3_base | epoch 2/3 step 2400/5019 loss 0.5874 | 4.1 it/s | ETA 10.5 min\n"}
,{"stream_name":"stdout","time":1991.542822763,"data":"[32:56] deberta_v3_base | epoch 2/3 step 2500/5019 loss 0.6187 | 4.2 it/s | ETA 10.1 min\n"}
,{"stream_name":"stdout","time":2003.96350754,"data":"[33:08] modernbert_large | epoch 2/3 step 3300/5019 loss 0.4595 | 1.7 it/s | ETA 16.9 min\n"}
,{"stream_name":"stdout","time":2015.153530283,"data":"[33:19] deberta_v3_base | epoch 2/3 step 2600/5019 loss 0.6006 | 4.2 it/s | ETA 9.7 min\n"}
,{"stream_name":"stdout","time":2038.754168779,"data":"[33:43] deberta_v3_base | epoch 2/3 step 2700/5019 loss 0.6188 | 4.2 it/s | ETA 9.3 min\n"}
,{"stream_name":"stdout","time":2062.436120542,"data":"[34:06] deberta_v3_base | epoch 2/3 step 2800/5019 loss 0.6209 | 4.2 it/s | ETA 8.9 min\n"}
,{"stream_name":"stdout","time":2066.378893154,"data":"[34:10] modernbert_large | epoch 2 DEV {'accuracy': 0.7801, 'macro_f1': 0.7648, 'weighted_f1': 0.7791}\n"}
,{"stream_name":"stdout","time":2086.042671572,"data":"[34:30] deberta_v3_base | epoch 2/3 step 2900/5019 loss 0.5818 | 4.2 it/s | ETA 8.5 min\n"}
,{"stream_name":"stdout","time":2097.541963368,"data":"[34:42] modernbert_large | epoch 3/3 step 3400/5019 loss 0.1414 | 1.7 it/s | ETA 16.2 min\n"}
,{"stream_name":"stdout","time":2109.245229476,"data":"[34:53] deberta_v3_base | epoch 2/3 step 3000/5019 loss 0.5794 | 4.2 it/s | ETA 8.1 min\n"}
,{"stream_name":"stdout","time":2132.860201757,"data":"[35:17] deberta_v3_base | epoch 2/3 step 3100/5019 loss 0.5765 | 4.2 it/s | ETA 7.7 min\n"}
,{"stream_name":"stdout","time":2154.923097994,"data":"[35:39] modernbert_large | epoch 3/3 step 3500/5019 loss 0.2511 | 1.7 it/s | ETA 15.1 min\n"}
,{"stream_name":"stdout","time":2156.361345507,"data":"[35:40] deberta_v3_base | epoch 2/3 step 3200/5019 loss 0.5332 | 4.2 it/s | ETA 7.3 min\n"}
,{"stream_name":"stdout","time":2180.019263864,"data":"[36:04] deberta_v3_base | epoch 2/3 step 3300/5019 loss 0.6102 | 4.2 it/s | ETA 6.9 min\n"}
,{"stream_name":"stdout","time":2201.923750772,"data":"[36:26] deberta_v3_base | epoch 2 DEV {'accuracy': 0.7752, 'macro_f1': 0.7583, 'weighted_f1': 0.7703}\n"}
,{"stream_name":"stdout","time":2212.62181937,"data":"[36:37] modernbert_large | epoch 3/3 step 3600/5019 loss 0.2211 | 1.7 it/s | ETA 14.1 min\n"}
,{"stream_name":"stdout","time":2215.721249214,"data":"[36:40] deberta_v3_base | epoch 3/3 step 3400/5019 loss 0.2639 | 4.1 it/s | ETA 6.6 min\n"}
,{"stream_name":"stdout","time":2239.255076037,"data":"[37:03] deberta_v3_base | epoch 3/3 step 3500/5019 loss 0.4811 | 4.1 it/s | ETA 6.1 min\n"}
,{"stream_name":"stdout","time":2262.992735561,"data":"[37:27] deberta_v3_base | epoch 3/3 step 3600/5019 loss 0.5072 | 4.1 it/s | ETA 5.7 min\n"}
,{"stream_name":"stdout","time":2270.504188819,"data":"[37:34] modernbert_large | epoch 3/3 step 3700/5019 loss 0.1938 | 1.7 it/s | ETA 13.1 min\n"}
,{"stream_name":"stdout","time":2286.730561315,"data":"[37:51] deberta_v3_base | epoch 3/3 step 3700/5019 loss 0.4719 | 4.1 it/s | ETA 5.3 min\n"}
,{"stream_name":"stdout","time":2310.568894439,"data":"[38:15] deberta_v3_base | epoch 3/3 step 3800/5019 loss 0.5134 | 4.1 it/s | ETA 4.9 min\n"}
,{"stream_name":"stdout","time":2329.166345194,"data":"[38:33] modernbert_large | epoch 3/3 step 3800/5019 loss 0.1845 | 1.7 it/s | ETA 12.1 min\n"}
,{"stream_name":"stdout","time":2334.091037794,"data":"[38:38] deberta_v3_base | epoch 3/3 step 3900/5019 loss 0.5027 | 4.1 it/s | ETA 4.5 min\n"}
,{"stream_name":"stdout","time":2357.921203013,"data":"[39:02] deberta_v3_base | epoch 3/3 step 4000/5019 loss 0.4928 | 4.1 it/s | ETA 4.1 min\n"}
,{"stream_name":"stdout","time":2381.316319653,"data":"[39:25] deberta_v3_base | epoch 3/3 step 4100/5019 loss 0.5126 | 4.1 it/s | ETA 3.7 min\n"}
,{"stream_name":"stdout","time":2387.389404018,"data":"[39:31] modernbert_large | epoch 3/3 step 3900/5019 loss 0.2042 | 1.7 it/s | ETA 11.1 min\n"}
,{"stream_name":"stdout","time":2404.901459127,"data":"[39:49] deberta_v3_base | epoch 3/3 step 4200/5019 loss 0.4785 | 4.1 it/s | ETA 3.3 min\n"}
,{"stream_name":"stdout","time":2428.776690912,"data":"[40:13] deberta_v3_base | epoch 3/3 step 4300/5019 loss 0.4856 | 4.1 it/s | ETA 2.9 min\n"}
,{"stream_name":"stdout","time":2445.339409241,"data":"[40:29] modernbert_large | epoch 3/3 step 4000/5019 loss 0.2023 | 1.7 it/s | ETA 10.1 min\n"}
,{"stream_name":"stdout","time":2452.527687338,"data":"[40:37] deberta_v3_base | epoch 3/3 step 4400/5019 loss 0.4871 | 4.1 it/s | ETA 2.5 min\n"}
,{"stream_name":"stdout","time":2476.367665938,"data":"[41:00] deberta_v3_base | epoch 3/3 step 4500/5019 loss 0.4943 | 4.1 it/s | ETA 2.1 min\n"}
,{"stream_name":"stdout","time":2500.144938759,"data":"[41:24] deberta_v3_base | epoch 3/3 step 4600/5019 loss 0.5111 | 4.1 it/s | ETA 1.7 min\n"}
,{"stream_name":"stdout","time":2503.061197977,"data":"[41:27] modernbert_large | epoch 3/3 step 4100/5019 loss 0.1981 | 1.7 it/s | ETA 9.1 min\n"}
,{"stream_name":"stdout","time":2523.886532774,"data":"[41:48] deberta_v3_base | epoch 3/3 step 4700/5019 loss 0.5213 | 4.1 it/s | ETA 1.3 min\n"}
,{"stream_name":"stdout","time":2547.650320295,"data":"[42:12] deberta_v3_base | epoch 3/3 step 4800/5019 loss 0.4716 | 4.1 it/s | ETA 0.9 min\n"}
,{"stream_name":"stdout","time":2560.052056018,"data":"[42:24] modernbert_large | epoch 3/3 step 4200/5019 loss 0.1830 | 1.7 it/s | ETA 8.1 min\n"}
,{"stream_name":"stdout","time":2571.03966309,"data":"[42:35] deberta_v3_base | epoch 3/3 step 4900/5019 loss 0.4902 | 4.1 it/s | ETA 0.5 min\n"}
,{"stream_name":"stdout","time":2594.415334833,"data":"[42:58] deberta_v3_base | epoch 3/3 step 5000/5019 loss 0.4973 | 4.2 it/s | ETA 0.1 min\n"}
,{"stream_name":"stdout","time":2609.932683805,"data":"[43:14] deberta_v3_base | epoch 3 DEV {'accuracy': 0.774, 'macro_f1': 0.7545, 'weighted_f1': 0.768}\n"}
,{"stream_name":"stdout","time":2617.322403657,"data":"[43:21] modernbert_large | epoch 3/3 step 4300/5019 loss 0.2254 | 1.7 it/s | ETA 7.1 min\n"}
,{"stream_name":"stdout","time":2631.069827585,"data":"[43:35] deberta_v3_base | TEST {'accuracy': 0.7776, 'macro_f1': 0.7626, 'weighted_f1': 0.7732}\n"}
,{"stream_name":"stdout","time":2632.034427884,"data":"[43:36] deberta_v3_base | finished\n"}
,{"stream_name":"stdout","time":2675.301629421,"data":"[44:19] modernbert_large | epoch 3/3 step 4400/5019 loss 0.2001 | 1.7 it/s | ETA 6.1 min\n"}
,{"stream_name":"stdout","time":2733.256953464,"data":"[45:17] modernbert_large | epoch 3/3 step 4500/5019 loss 0.1887 | 1.7 it/s | ETA 5.1 min\n"}
,{"stream_name":"stdout","time":2791.028038516,"data":"[46:15] modernbert_large | epoch 3/3 step 4600/5019 loss 0.1970 | 1.7 it/s | ETA 4.1 min\n"}
,{"stream_name":"stdout","time":2847.732007653,"data":"[47:12] modernbert_large | epoch 3/3 step 4700/5019 loss 0.1783 | 1.7 it/s | ETA 3.2 min\n"}
,{"stream_name":"stdout","time":2905.574124295,"data":"[48:10] modernbert_large | epoch 3/3 step 4800/5019 loss 0.1794 | 1.7 it/s | ETA 2.2 min\n"}
,{"stream_name":"stdout","time":2963.284432092,"data":"[49:07] modernbert_large | epoch 3/3 step 4900/5019 loss 0.1834 | 1.7 it/s | ETA 1.2 min\n"}
,{"stream_name":"stdout","time":3021.195295779,"data":"[50:05] modernbert_large | epoch 3/3 step 5000/5019 loss 0.1906 | 1.7 it/s | ETA 0.2 min\n"}
,{"stream_name":"stdout","time":3068.087649186,"data":"[50:52] modernbert_large | epoch 3 DEV {'accuracy': 0.777, 'macro_f1': 0.7595, 'weighted_f1': 0.7759}\n"}
,{"stream_name":"stdout","time":3134.538131292,"data":"[51:59] modernbert_large | TEST {'accuracy': 0.7827, 'macro_f1': 0.7684, 'weighted_f1': 0.7827}\n"}
,{"stream_name":"stdout","time":3135.382751159,"data":"[51:59] modernbert_large | finished\n"}
,{"stream_name":"stdout","time":3137.473307431,"data":"[52:01] all queues finished\n"}
,{"stream_name":"stdout","time":3137.561854584,"data":"                                                                  accuracy  macro_f1  weighted_f1\n"}
,{"stream_name":"stdout","time":3137.561884916,"data":"tfidf_lr (nb01)                                                     0.7462    0.7298       0.7475\n"}
,{"stream_name":"stdout","time":3137.561891447,"data":"bert (nb02)                                                         0.7819    0.7655       0.7791\n"}
,{"stream_name":"stdout","time":3137.561899351,"data":"twitter_roberta (nb02)                                              0.7759    0.7607       0.7712\n"}
,{"stream_name":"stdout","time":3137.561915812,"data":"modernbert_base                                                     0.7835    0.7618       0.7809\n"}
,{"stream_name":"stdout","time":3137.561920189,"data":"deberta_v3_base                                                     0.7776    0.7626       0.7732\n"}
,{"stream_name":"stdout","time":3137.561924161,"data":"modernbert_large                                                    0.7827    0.7684       0.7827\n"}
,{"stream_name":"stdout","time":3137.561927867,"data":"ensemble of modernbert_base + deberta_v3_base + modernbert_large    0.7899    0.7743       0.7871\n"}
,{"stream_name":"stdout","time":3137.599488598,"data":"                                                                        text     reality                    modernbert_base                    deberta_v3_base                   modernbert_large\n"}
,{"stream_name":"stdout","time":3137.599540286,"data":"0          Bridge collapsed after the flood, vehicles stranded on both sides        real  infrastructure_and_utility_damage  infrastructure_and_utility_damage  infrastructure_and_utility_damage\n"}
,{"stream_name":"stdout","time":3137.599547297,"data":"1  Bridge closed for repair work till Monday, please use the alternate route     routine  infrastructure_and_utility_damage                 caution_and_advice                 caution_and_advice\n"}
,{"stream_name":"stdout","time":3137.599553669,"data":"2                      Road blocked due to landslide, several houses damaged        real  infrastructure_and_utility_damage  infrastructure_and_utility_damage  infrastructure_and_utility_damage\n"}
,{"stream_name":"stdout","time":3137.599571443,"data":"3               Road blocked due to metro construction work near the station     routine  infrastructure_and_utility_damage  infrastructure_and_utility_damage  infrastructure_and_utility_damage\n"}
,{"stream_name":"stdout","time":3137.599576682,"data":"4                         Power lines down across the town after the cyclone        real  infrastructure_and_utility_damage  infrastructure_and_utility_damage  infrastructure_and_utility_damage\n"}
,{"stream_name":"stdout","time":3137.599581756,"data":"5                Scheduled power cut tomorrow for maintenance of power lines     routine         other_relevant_information  infrastructure_and_utility_damage  infrastructure_and_utility_damage\n"}
,{"stream_name":"stdout","time":3137.599586264,"data":"6                Building collapsed in the earthquake, people trapped inside        real  infrastructure_and_utility_damage  infrastructure_and_utility_damage  infrastructure_and_utility_damage\n"}
,{"stream_name":"stdout","time":3137.599590597,"data":"7             Old building being demolished today to make way for a new mall     routine  infrastructure_and_utility_damage  infrastructure_and_utility_damage  infrastructure_and_utility_damage\n"}
,{"stream_name":"stdout","time":3137.599595355,"data":"8                                      My exam today was a complete disaster  figurative                   not_humanitarian                   not_humanitarian                   not_humanitarian\n"}
,{"stream_name":"stdout","time":3137.599613611,"data":"9                           That concert was fire, the crowd was flooding in  figurative         other_relevant_information                   not_humanitarian         other_relevant_information\n"}
,{"stream_name":"stdout","time":3137.600311303,"data":"[52:02] done\n"}
,{"stream_name":"stderr","time":3140.544069598,"data":"/usr/local/lib/python3.13/dist-packages/mistune.py:435: SyntaxWarning: invalid escape sequence '\\|'\n"}
,{"stream_name":"stderr","time":3140.544103009,"data":"  cells[i][c] = re.sub('\\\\\\\\\\|', '|', cell)\n"}
,{"stream_name":"stderr","time":3140.694568386,"data":"/usr/local/lib/python3.13/dist-packages/nbconvert/filters/filter_links.py:36: SyntaxWarning: invalid escape sequence '\\_'\n"}
,{"stream_name":"stderr","time":3140.694612626,"data":"  text = re.sub(r'_', '\\_', text) # Escape underscores in display text\n"}
,{"stream_name":"stderr","time":3141.463308306,"data":"[NbConvertApp] Converting notebook __notebook__.ipynb to notebook\n"}
,{"stream_name":"stderr","time":3141.55625285,"data":"[NbConvertApp] Writing 40219 bytes to __notebook__.ipynb\n"}
,{"stream_name":"stderr","time":3143.959198953,"data":"[NbConvertApp] Converting notebook __notebook__.ipynb to html\n"}
,{"stream_name":"stderr","time":3144.458094227,"data":"[NbConvertApp] Writing 332335 bytes to __results__.html\n"}
]